// Jest Snapshot v1, https://goo.gl/fbAQLP

exports[`Компонент game-artist рендерится 1`] = `
<section
  className="game game--artist"
>
  <header
    className="game__header"
  >
    <a
      className="game__back"
      href="#"
    >
      <span
        className="visually-hidden"
      >
        Сыграть ещё раз
      </span>
      <img
        alt="Угадай мелодию"
        className="game__logo"
        src="img/melody-logo-ginger.png"
      />
    </a>
    <div
      className="timer__value"
      xmlns="http://www.w3.org/1999/xhtml"
    >
      <span
        className="timer__mins"
      >
        05
      </span>
      <span
        className="timer__dots"
      >
        :
      </span>
      <span
        className="timer__secs"
      >
        00
      </span>
    </div>
    <div
      className="game__mistakes"
    >
      <div
        className="wrong"
      />
      <div
        className="wrong"
      />
      <div
        className="wrong"
      />
    </div>
  </header>
  <section
    className="game__screen"
  >
    <h2
      className="game__title"
    >
      Кто исполняет эту песню?
    </h2>
    <div
      className="game__track"
    >
      <button
        className="track__button track__button--play"
        disabled={true}
        onClick={[Function]}
        type="button"
      />
      <div
        className="track__status"
      >
        <audio />
      </div>
    </div>
    <form
      className="game__artist"
      onChange={[Function]}
    >
      <div
        className="artist"
      >
        <input
          className="artist__input visually-hidden"
          id="artist-undefined-0"
          name="answer"
          type="radio"
          value="artist-undefined-0"
        />
        <label
          className="artist__name"
          htmlFor="artist-undefined-0"
        >
          <img
            alt="John Snow"
            className="artist__picture"
            src="http://placehold.it/134x134"
          />
          Пелагея
        </label>
      </div>
      <div
        className="artist"
      >
        <input
          className="artist__input visually-hidden"
          id="artist-undefined-1"
          name="answer"
          type="radio"
          value="artist-undefined-1"
        />
        <label
          className="artist__name"
          htmlFor="artist-undefined-1"
        >
          <img
            alt="Jack Snow"
            className="artist__picture"
            src="http://placehold.it/134x134"
          />
          Пелагея
        </label>
      </div>
      <div
        className="artist"
      >
        <input
          className="artist__input visually-hidden"
          id="artist-undefined-2"
          name="answer"
          type="radio"
          value="artist-undefined-2"
        />
        <label
          className="artist__name"
          htmlFor="artist-undefined-2"
        >
          <img
            alt="Джек"
            className="artist__picture"
            src="http://placehold.it/134x134"
          />
          Пелагея
        </label>
      </div>
    </form>
  </section>
</section>
`;
